2 october 2020
Run this command to see what there is to see.
$github/rmdobservations.github.io$ git remote --v
	origin	git@github.com:rmdobservations/rmdobservations.github.io (fetch)
	origin	git@github.com:rmdobservations/rmdobservations.github.io (push)


Apparently, "pull Git command is the combination of fetch and merge commands" (https://www.jquery-az.com/pull-git-remote-branch/)

#oops, wrong directory, remove dot git after init.
$github$ rm -fr .git
# start over
-Create on line reposiitory
-Make a local directory with same name as repository

github$ mkdir yetanothertutorial
github$ cd yetanothertutorial
github/yetanothertutorial$ git init

	"Initialized empty Git repository in /home/rose/projects/github/yetanothertutorial/.git/"

github/yetanothertutorial$ git status
	"On branch master
	No commits yet
	nothing to commit (create/copy files and use "git add" to track)"
	
github/yetanothertutorial$ git remote --v  
	"no response"
# add the origin to our newly created remote repository:
github/yetanothertutorial$ git remote add origin "https://github.com/rmdobservations/yetanothertutorial.git"
#OK!
github/yetanothertutorial$ git remote --v
origin	https://github.com/rmdobservations/yetanothertutorial.git (fetch)
origin	https://github.com/rmdobservations/yetanothertutorial.git (push)
# Master  is now main
github/yetanothertutorial$ git pull origin main
	"remote: Enumerating objects: 3, done.
	remote: Counting objects: 100% (3/3), done.
	remote: Compressing objects: 100% (2/2), done.
	remote: Total 3 (delta 0), reused 0 (delta 0), pack-reused 0
	Unpacking objects: 100% (3/3), 644 bytes | 161.00 KiB/s, done.
	From https://github.com/rmdobservations/yetanothertutorial
		* branch            main       -> FETCH_HEAD
		* [new branch]      main       -> origin/main
		
# create a new file on G computer and add some text.
github/yetanothertutorial$ nano introduction.txt
github/yetanothertutorial$ ll
total 8
-rw-rw-r-- 1 rose rose 130 okt  2 14:02 introduction.txt
-rw-rw-r-- 1 rose rose  58 okt  2 13:57 README.md

github/yetanothertutorial$ git status
	"On branch master
	"Untracked files:
	(use "git add <file>..." to include in what will be committed)
	introduction.txt <<<< this is red. All that changed is its presence in the directory.
	"
	"nothing added to commit but untracked files present (use "git add" to track)"
	
# introduction does not appear in any of the dot git files.
github/yetanothertutorial$ git add --all
github/yetanothertutorial$ git status
	"On branch master
	Changes to be committed:
	(use "git restore --staged <file>..." to unstage)
	new file:   introduction.txt <<<< this is green
	"


github/yetanothertutorial$ git add --all
github/yetanothertutorial$ git commit -am "added introduction locally from G"
	"[master c06354a] added introduction locally from G
	1 file changed, 2 insertions(+)
	create mode 100644 introduction.txt
	"
# not sure what this means. I did not push yet
github/yetanothertutorial$ git status
	"On branch master
	nothing to commit, working tree clean
	"
	
#PUSH request still uses master instead of main
github/yetanothertutorial$ git push --set-upstream origin master
	Username for 'https://github.com': rmdobservations
	Password for 'https://rmdobservations@github.com': linix pw
	"Enumerating objects: 4, done.
	Counting objects: 100% (4/4), done.
	Delta compression using up to 4 threads
	Compressing objects: 100% (3/3), done.
	Writing objects: 100% (3/3), 413 bytes | 413.00 KiB/s, done.
	Total 3 (delta 0), reused 0 (delta 0)
	remote: 
	remote: Create a pull request for 'master' on GitHub by visiting:
	remote:      https://github.com/rmdobservations/yetanothertutorial/pull/new/master
	remote: 
	To https://github.com/rmdobservations/yetanothertutorial.git
	* [new branch]      master -> master
	Branch 'master' set up to track remote branch 'master' from 'origin'.
	"

# go online THIS Was CHANGED AT 15: 09
#master is now treated just like another branch. main is the default. So I have to
# merge the branches online. Which I did not want to do, At least 3 buttons have to be clicked before 
# everything turns purple. 


#git log
